// Vitest Snapshot v1, https://vitest.dev/guide/snapshot.html

exports[`NgtsLine > should render properly 1`] = `
[
  {
    "children": [],
    "name": "",
    "type": "Line2",
  },
]
`;

exports[`NgtsLine > should render properly with segments 1`] = `
[
  {
    "children": [],
    "name": "",
    "type": "Line2",
  },
]
`;
